[10:44:49] Using scratch directory: /tmp/wal-repro.1fvXgv

========== LEG A: guard-on durability ==========
MODE=baseline
[10:44:49] Health check passed after 516ms
PASS Leg A boot 1 is healthy
PASS Leg A boot 1 stopped gracefully
PASS Leg A browser session seeded
[10:44:50] Health check passed after 516ms
PASS Leg A boot 2 is healthy
PASS Leg A project created
4cbab218-6845-4a9c-ba64-69de32fb7fbb
PASS Leg A timing-1 written
720a7610-41f0-4a8b-915e-dc1348b1a9e3
PASS Leg A timing-2 written
efd7aded-fc6f-4125-8555-ef6ba4fa2398
PASS Leg A timing-3 written
07f392a1-4ede-41cf-ab96-ef483c8d957f
PASS Leg A timing-4 written
4ca1e718-ff5d-4904-ad8d-e545d3e82970
PASS Leg A timing-5 written
PASS Leg A stopped gracefully
PASS Leg A journal_mode is wal

========== LEG B: guard-off detection+refusal ==========
MODE=baseline
[10:44:50] Health check passed after 516ms
PASS Leg B attempt 1 boot 1 is healthy
PASS Leg B attempt 1 boot 1 stopped gracefully
PASS Leg B attempt 1 browser session seeded
[10:44:51] Health check passed after 516ms
PASS Leg B attempt 1 boot 2 is healthy
PASS Leg B attempt 1 project created
8d651f12-e5f6-42d2-8921-242fa3714bd0
PASS Leg B attempt 1 timing-1 written
711dbb57-788d-4a60-940d-d2a95cadf296
PASS Leg B attempt 1 timing-2 written
9e447e05-0675-46b1-aabe-f15eacca535f
PASS Leg B attempt 1 timing-3 written
8085db20-79b0-44f0-83ba-effb03e3049d
PASS Leg B attempt 1 timing-4 written
d936dc9d-73be-4b45-88bc-eec0cd951c59
PASS Leg B attempt 1 timing-5 written
PASS Leg B attempt 1 stopped gracefully
PASS Leg B attempt 1 journal_mode is wal

========== SUMMARY ==========
Total PASS: 24
Total FAIL: 0

Leg results:
  LEG A: PASS PASS=12 FAIL=0 TOTAL=12
  LEG B: PASS PASS=12 FAIL=0 TOTAL=12
[10:44:51] All tests passed
