[10:44:56] Using scratch directory: /tmp/wal-repro.QptMKT

========== LEG A: guard-on durability ==========
MODE=full
[10:44:56] Health check passed after 517ms
PASS Leg A boot 1 is healthy
PASS Leg A boot 1 stopped gracefully
PASS Leg A browser session seeded
[10:44:57] Health check passed after 517ms
PASS Leg A boot 2 is healthy
PASS Leg A project created
e9bc341d-ed6a-4a0e-96d1-81555e8408ae
PASS Leg A marker-A-pre written
PASS Leg A external write session executed
[10:45:27] Trip detector timeout after 29690ms
PASS Leg A no external WAL unlink (detector timed out)
b3a0e75f-47e8-43d4-b6d5-d3782a62bdf2
PASS Leg A timing-1 written
76a7a46b-0ddd-49e3-970c-dcce255dabf3
PASS Leg A timing-2 written
b7544558-8c90-4e7e-a335-344eba82c8d9
PASS Leg A timing-3 written
071f10a1-9414-4853-8328-19fe4719e210
PASS Leg A timing-4 written
b8992ee4-5c00-4e5c-9d94-46cd46b4cf78
PASS Leg A timing-5 written
6952a696-b5ca-4bd2-9adc-bc3dcf6c9a47
PASS Leg A marker-A-post API write
PASS Leg A stopped gracefully
PASS Leg A marker-A-post persisted
PASS Leg A journal_mode is wal

========== LEG B: guard-off detection+refusal ==========
MODE=full
[10:45:28] Health check passed after 516ms
PASS Leg B attempt 1 boot 1 is healthy
PASS Leg B attempt 1 boot 1 stopped gracefully
PASS Leg B attempt 1 browser session seeded
[10:45:28] Health check passed after 517ms
PASS Leg B attempt 1 boot 2 is healthy
PASS Leg B attempt 1 project created
dcf1d7df-75fb-43da-bad4-39e77a2f1061
PASS Leg B attempt 1 marker-B-pre written
[10:45:28] WAL evidence after 2ms: lrwx------ 1 david david 64 Aug 30 10:45 14 -> /tmp/wal-repro.QptMKT/leg-b.JRzTD0/db.sqlite-wal (deleted)
lrwx------ 1 david david 64 Aug 30 10:45 17 -> /tmp/wal-repro.QptMKT/leg-b.JRzTD0/db.sqlite-wal (deleted)
lrwx------ 1 david david 64 Aug 30 10:45 19 -> /tmp/wal-repro.QptMKT/leg-b.JRzTD0/db.sqlite-wal (deleted)
lrwx------ 1 david david 64 Aug 30 10:45 21 -> /tmp/wal-repro.QptMKT/leg-b.JRzTD0/db.sqlite-wal (deleted)
lrwx------ 1 david david 64 Aug 30 10:45 25 -> /tmp/wal-repro.QptMKT/leg-b.JRzTD0/db.sqlite-wal (deleted)
lrwx------ 1 david david 64 Aug 30 10:45 26 -> /tmp/wal-repro.QptMKT/leg-b.JRzTD0/db.sqlite-wal (deleted)
lrwx------ 1 david david 64 Aug 30 10:45 27 -> /tmp/wal-repro.QptMKT/leg-b.JRzTD0/db.sqlite-wal (deleted)
lrwx------ 1 david david 64 Aug 30 10:45 30 -> /tmp/wal-repro.QptMKT/leg-b.JRzTD0/db.sqlite-wal (deleted)
PASS Leg B attempt 1 fault injection removed existing WAL and SHM
PASS Leg B attempt 1 detected external WAL unlink
FAIL Leg B attempt 1 wal_unlinked_externally logged
FAIL Leg B attempt 1 unlink log names db path
[10:45:58] Refusal latch detector timeout after 29622ms
FAIL Leg B attempt 1 wal_write_refusal_active latched
FAIL Leg B attempt 1 marker-B-post rejected (HTTP 200, parsed .success=true)
PASS Leg B attempt 1 node remains alive after refusal
PASS Leg B attempt 1 stopped gracefully
FAIL Leg B attempt 1 marker-B-post was not persisted

========== SUMMARY ==========
Total PASS: 27
Total FAIL: 5

Leg results:
  LEG A: PASS PASS=17 FAIL=0 TOTAL=17
  LEG B: FAIL PASS=10 FAIL=5 TOTAL=15

[10:45:58] ERROR: One or more assertions failed
