[11:13:21] Using scratch directory: /tmp/wal-repro.CR8bIR

========== LEG A: guard-on durability ==========
MODE=baseline
[11:13:22] Health check passed after 518ms
PASS Leg A boot 1 is healthy
PASS Leg A boot 1 stopped gracefully
PASS Leg A browser session seeded
[11:13:22] Health check passed after 517ms
PASS Leg A boot 2 is healthy
PASS Leg A project created
fed90fec-bb19-4874-a9fd-8b0895c17a60
PASS Leg A timing-1 written
f9867976-ac13-4ea0-8572-b32493e61691
PASS Leg A timing-2 written
fdadb789-6de9-4106-ae58-9fcb9696247a
PASS Leg A timing-3 written
9c6ab22f-29f0-49ae-8681-622b15dcecf5
PASS Leg A timing-4 written
b8479617-eea8-4a1c-9b68-0e45900aa85d
PASS Leg A timing-5 written
PASS Leg A stopped gracefully
PASS Leg A journal_mode is wal

========== LEG B: guard-off detection+refusal ==========
MODE=baseline
[11:13:23] Health check passed after 516ms
PASS Leg B attempt 1 boot 1 is healthy
PASS Leg B attempt 1 boot 1 stopped gracefully
PASS Leg B attempt 1 browser session seeded
[11:13:24] Health check passed after 517ms
PASS Leg B attempt 1 boot 2 is healthy
PASS Leg B attempt 1 project created
e5e29e27-791b-4352-b92d-a16a04c7294e
PASS Leg B attempt 1 timing-1 written
eb81197a-b54b-46f0-9771-913f55662486
PASS Leg B attempt 1 timing-2 written
45f11cf3-ba8d-4868-a0c3-235bbececd5b
PASS Leg B attempt 1 timing-3 written
41be13ef-4f9c-4ed7-bb3e-14e9a0f232d4
PASS Leg B attempt 1 timing-4 written
fc6a0661-fb4d-4bb4-9610-532c8a381743
PASS Leg B attempt 1 timing-5 written
PASS Leg B attempt 1 stopped gracefully
PASS Leg B attempt 1 journal_mode is wal

========== SUMMARY ==========
Total PASS: 24
Total FAIL: 0

Leg results:
  LEG A: PASS PASS=12 FAIL=0 TOTAL=12
  LEG B: PASS PASS=12 FAIL=0 TOTAL=12
[11:13:24] All tests passed
